# Copyright (c) 2023 Huawei Device Co., Ltd.
# Licensed under the Apache License, Version 2.0 (the "License");
# you may not use this file except in compliance with the License.
# You may obtain a copy of the License at
#
#     http://www.apache.org/licenses/LICENSE-2.0
#
# Unless required by applicable law or agreed to in writing, software
# distributed under the License is distributed on an "AS IS" BASIS,
# WITHOUT WARRANTIES OR CONDITIONS OF ANY KIND, either express or implied.
# See the License for the specific language governing permissions and
# limitations under the License.

{
    global:
        extern "C++" {
            "OHOS::EDM::EdmSysManager::GetRemoteObjectOfSystemAbility(int)";
            OHOS::EDM::*Proxy::*;
            OHOS::EDM::EntInfo::*;
            "virtual thunk to OHOS::EDM::EntInfo::~EntInfo()";
            VTT?for?OHOS::EDM::EntInfo;
            vtable?for?OHOS::EDM::EntInfo;
            OHOS::EDM::PowerPolicy::*;
            "virtual thunk to OHOS::EDM::PowerPolicy::~PowerPolicy()";
            VTT?for?OHOS::EDM::PowerPolicy;
            vtable?for?OHOS::EDM::PowerPolicy;
            OHOS::EDM::UsbDeviceId::*;
            "virtual thunk to OHOS::EDM::UsbDeviceId::~UsbDeviceId()";
            VTT?for?OHOS::EDM::UsbDeviceId;
            vtable?for?OHOS::EDM::UsbDeviceId;
        };
    local:
        *;
};
